\BOOKMARK [1][-]{section.1}{\376\377\006\105\006\102\006\057\006\105\006\107}{}% 1
\BOOKMARK [2][-]{subsection.1.1}{\376\377\006\106\006\257\006\047\006\107\006\314\000\040\006\251\006\104\006\314}{section.1}% 2
\BOOKMARK [2][-]{subsection.1.2}{\376\377\006\047\006\106\006\257\006\314\006\062\006\107\000\040\006\110\000\040\006\047\006\107\006\057\006\047\006\101}{section.1}% 3
\BOOKMARK [2][-]{subsection.1.3}{\376\377\006\057\006\047\006\105\006\106\006\107\000\040\006\251\006\047\006\061\006\050\006\061\006\057}{section.1}% 4
\BOOKMARK [1][-]{section.2}{\376\377\006\176\006\314\006\064\006\314\006\106\006\107\000\040\006\110\000\040\006\105\006\101\006\047\006\107\006\314\006\105}{}% 5
\BOOKMARK [2][-]{subsection.2.1}{\376\377\006\063\006\314\006\063\006\052\006\105\040\014\006\107\006\047\006\314\000\040\006\042\006\061\006\251\006\314\006\057\000\040\006\251\006\104\006\047\006\063\006\314\006\251}{section.2}% 6
\BOOKMARK [2][-]{subsection.2.2}{\376\377\006\105\006\071\006\105\006\047\006\061\006\314\000\040\000C\000o\000m\000m\000o\000n\000\040\000G\000a\000t\000e\000w\000a\000y\000\040\000I\000n\000t\000e\000r\000f\000a\000c\000e\000\040\000\050\000C\000G\000I\000\051}{section.2}% 7
\BOOKMARK [2][-]{subsection.2.3}{\376\377\006\105\006\071\006\105\006\047\006\061\006\314\000\040\000S\000t\000a\000t\000e\000l\000e\000s\000s}{section.2}% 8
\BOOKMARK [1][-]{section.3}{\376\377\006\105\006\071\006\105\006\047\006\061\006\314\000\040\006\063\006\314\006\063\006\052\006\105}{}% 9
\BOOKMARK [2][-]{subsection.3.1}{\376\377\006\106\006\105\006\047\006\314\000\040\006\251\006\104\006\314\000\040\006\105\006\071\006\105\006\047\006\061\006\314}{section.3}% 10
\BOOKMARK [2][-]{subsection.3.2}{\376\377\006\063\006\047\006\056\006\052\006\047\006\061\000\040\006\176\006\061\006\110\006\230\006\107}{section.3}% 11
\BOOKMARK [2][-]{subsection.3.3}{\376\377\006\054\006\061\006\314\006\047\006\106\000\040\006\047\006\054\006\061\006\047}{section.3}% 12
\BOOKMARK [1][-]{section.4}{\376\377\006\050\006\047\006\062\006\314\040\014\006\107\006\047\006\314\000\040\006\105\006\110\006\054\006\110\006\057}{}% 13
\BOOKMARK [2][-]{subsection.4.1}{\376\377\006\055\006\057\006\063\000\040\006\071\006\057\006\057\000\040\000\050\000G\000u\000e\000s\000s\000\040\000N\000u\000m\000b\000e\000r\000\051}{section.4}% 14
\BOOKMARK [2][-]{subsection.4.2}{\376\377\006\057\006\110\006\062\000\040\006\105\006\055\006\057\006\110\006\057\000\040\000\050\000T\000i\000c\000-\000T\000a\000c\000-\000T\000o\000e\000\040\000L\000i\000m\000i\000t\000e\000d\000\051}{section.4}% 15
\BOOKMARK [2][-]{subsection.4.3}{\376\377\006\063\006\106\006\257\000\040\006\251\006\047\006\072\006\060\000\040\006\102\006\314\006\206\006\314\000+\000+\000\040\000\050\000R\000P\000S\000\040\0005\000-\000M\000o\000v\000e\000\051}{section.4}% 16
\BOOKMARK [2][-]{subsection.4.4}{\376\377\006\055\006\104\006\102\006\107\000\040\006\042\006\110\006\314\006\062\000\040\000\050\000H\000a\000n\000g\000m\000a\000n\000\040\000B\000a\000t\000t\000l\000e\000\051}{section.4}% 17
\BOOKMARK [2][-]{subsection.4.5}{\376\377\006\101\006\314\006\050\006\110\006\106\006\047\006\206\006\314\000\040\006\362\006\360\006\364\006\370}{section.4}% 18
\BOOKMARK [2][-]{subsection.4.6}{\376\377\006\064\006\067\006\061\006\106\006\054\000\040\006\052\006\072\006\314\006\314\006\061\006\314\006\047\006\101\006\052\006\107}{section.4}% 19
\BOOKMARK [2][-]{subsection.4.7}{\376\377\006\206\006\251\006\061\006\062\000\040\000\050\000C\000h\000e\000c\000k\000e\000r\000s\000\051}{section.4}% 20
\BOOKMARK [1][-]{section.5}{\376\377\006\054\006\062\006\046\006\314\006\047\006\052\000\040\006\176\006\314\006\047\006\057\006\107\040\014\006\063\006\047\006\062\006\314}{}% 21
\BOOKMARK [2][-]{subsection.5.1}{\376\377\000B\000a\000c\000k\000e\000n\000d\000:\000\040\006\052\006\110\006\047\006\050\006\071\000\040\006\251\006\105\006\251\006\314\000\040\000C\000G\000I}{section.5}% 22
\BOOKMARK [3][-]{subsubsection.5.1.1}{\376\377\006\052\006\047\006\050\006\071\000\040\000p\000r\000i\000n\000t\000\137\000h\000e\000a\000d\000e\000r\000\050\000\051}{subsection.5.1}% 23
\BOOKMARK [3][-]{subsubsection.5.1.2}{\376\377\006\052\006\047\006\050\006\071\000\040\000g\000e\000t\000\137\000p\000a\000r\000a\000m\000\050\000\051}{subsection.5.1}% 24
\BOOKMARK [3][-]{subsubsection.5.1.3}{\376\377\006\052\006\047\006\050\006\071\000\040\000u\000r\000l\000\137\000d\000e\000c\000o\000d\000e\000\050\000\051}{subsection.5.1}% 25
\BOOKMARK [2][-]{subsection.5.2}{\376\377\000F\000r\000o\000n\000t\000e\000n\000d\000:\000\040\006\105\006\071\006\105\006\047\006\061\006\314\000\040\000J\000a\000v\000a\000S\000c\000r\000i\000p\000t}{section.5}% 26
\BOOKMARK [3][-]{subsubsection.5.2.1}{\376\377\006\251\006\047\006\061\006\110\006\063\006\104\000\040\006\050\006\047\006\062\006\314\040\014\006\107\006\047}{subsection.5.2}% 27
\BOOKMARK [3][-]{subsubsection.5.2.2}{\376\377\006\105\006\047\006\230\006\110\006\104\000\040\006\047\006\055\006\061\006\047\006\062\000\040\006\107\006\110\006\314\006\052}{subsection.5.2}% 28
\BOOKMARK [2][-]{subsection.5.3}{\376\377\000F\000r\000o\000n\000t\000e\000n\000d\000:\000\040\006\047\006\101\006\251\006\052\040\014\006\107\006\047\006\314\000\040\006\050\006\065\006\061\006\314\000\040\000C\000S\000S}{section.5}% 29
\BOOKMARK [3][-]{subsubsection.5.3.1}{\376\377\006\047\006\101\006\251\006\052\000\040\006\106\006\046\006\110\006\106\006\314\000\040\000\050\000N\000e\000o\000n\000\040\000G\000l\000o\000w\000\051}{subsection.5.3}% 30
\BOOKMARK [3][-]{subsubsection.5.3.2}{\376\377\006\047\006\101\006\251\006\052\000\040\006\063\006\107\040\014\006\050\006\071\006\057\006\314\000\040\000\050\0003\000D\000\040\000P\000e\000r\000s\000p\000e\000c\000t\000i\000v\000e\000\051}{subsection.5.3}% 31
\BOOKMARK [3][-]{subsubsection.5.3.3}{\376\377\006\047\006\101\006\251\006\052\000\040\000C\000R\000T}{subsection.5.3}% 32
\BOOKMARK [2][-]{subsection.5.4}{\376\377\006\104\006\047\006\314\006\107\000\040\006\057\006\047\006\057\006\107\000:\000\040\000J\000S\000O\000N\000\040\000F\000i\000l\000e\000s}{section.5}% 33
\BOOKMARK [3][-]{subsubsection.5.4.1}{\376\377\006\063\006\047\006\056\006\052\006\047\006\061\000\040\000u\000s\000e\000r\000s\000.\000j\000s\000o\000n}{subsection.5.4}% 34
\BOOKMARK [3][-]{subsubsection.5.4.2}{\376\377\006\063\006\047\006\056\006\052\006\047\006\061\000\040\000a\000d\000m\000i\000n\000\137\000l\000o\000g\000s\000.\000j\000s\000o\000n}{subsection.5.4}% 35
\BOOKMARK [1][-]{section.6}{\376\377\006\052\006\065\006\105\006\314\006\105\006\047\006\052\000\040\006\067\006\061\006\047\006\055\006\314}{}% 36
\BOOKMARK [2][-]{subsection.6.1}{\376\377\006\047\006\106\006\052\006\056\006\047\006\050\000\040\000C\000\040\006\050\006\061\006\047\006\314\000\040\000B\000a\000c\000k\000e\000n\000d}{section.6}% 37
\BOOKMARK [2][-]{subsection.6.2}{\376\377\006\047\006\106\006\052\006\056\006\047\006\050\000\040\000C\000G\000I\000\040\006\050\006\107\000\040\006\054\006\047\006\314\000\040\000F\000a\000s\000t\000C\000G\000I}{section.6}% 38
\BOOKMARK [2][-]{subsection.6.3}{\376\377\006\047\006\106\006\052\006\056\006\047\006\050\000\040\000V\000a\000n\000i\000l\000l\000a\000\040\000J\000a\000v\000a\000S\000c\000r\000i\000p\000t}{section.6}% 39
\BOOKMARK [2][-]{subsection.6.4}{\376\377\006\047\006\106\006\052\006\056\006\047\006\050\000\040\006\101\006\047\006\314\006\104\040\014\006\107\006\047\006\314\000\040\000J\000S\000O\000N\000\040\006\050\006\107\000\040\006\054\006\047\006\314\000\040\006\176\006\047\006\314\006\257\006\047\006\107\000\040\006\057\006\047\006\057\006\107}{section.6}% 40
\BOOKMARK [1][-]{section.7}{\376\377\006\206\006\047\006\104\006\064\040\014\006\107\006\047\000\040\006\110\000\040\006\105\006\055\006\057\006\110\006\057\006\314\006\052\040\014\006\107\006\047}{}% 41
\BOOKMARK [2][-]{subsection.7.1}{\376\377\006\206\006\047\006\104\006\064\040\014\006\107\006\047\006\314\000\040\006\101\006\106\006\314}{section.7}% 42
\BOOKMARK [3][-]{subsubsection.7.1.1}{\376\377\006\105\006\057\006\314\006\061\006\314\006\052\000\040\000S\000t\000a\000t\000e\000\040\006\057\006\061\000\040\000C\000G\000I}{subsection.7.1}% 43
\BOOKMARK [3][-]{subsubsection.7.1.2}{\376\377\000R\000a\000c\000e\000\040\000C\000o\000n\000d\000i\000t\000i\000o\000n\000\040\006\057\006\061\000\040\006\106\006\110\006\064\006\052\006\106\000\040\006\101\006\047\006\314\006\104\040\014\006\107\006\047\006\314\000\040\000J\000S\000O\000N}{subsection.7.1}% 44
\BOOKMARK [3][-]{subsubsection.7.1.3}{\376\377\006\047\006\071\006\052\006\050\006\047\006\061\006\063\006\106\006\054\006\314\000\040\006\110\006\061\006\110\006\057\006\314\040\014\006\107\006\047\000\040\000\050\000I\000n\000p\000u\000t\000\040\000V\000a\000l\000i\000d\000a\000t\000i\000o\000n\000\051}{subsection.7.1}% 45
\BOOKMARK [2][-]{subsection.7.2}{\376\377\006\105\006\055\006\057\006\110\006\057\006\314\006\052\040\014\006\107\006\047\006\314\000\040\006\047\006\105\006\106\006\314\006\052\006\314}{section.7}% 46
\BOOKMARK [3][-]{subsubsection.7.2.1}{\376\377\006\061\006\105\006\062\006\107\006\047\006\314\000\040\006\071\006\050\006\110\006\061\000\040\000P\000l\000a\000i\000n\000\040\000T\000e\000x\000t}{subsection.7.2}% 47
\BOOKMARK [3][-]{subsubsection.7.2.2}{\376\377\006\071\006\057\006\105\000\040\000H\000T\000T\000P\000S}{subsection.7.2}% 48
\BOOKMARK [3][-]{subsubsection.7.2.3}{\376\377\006\071\006\057\006\105\000\040\000C\000S\000R\000F\000\040\000P\000r\000o\000t\000e\000c\000t\000i\000o\000n}{subsection.7.2}% 49
\BOOKMARK [1][-]{section.8}{\376\377\006\052\006\063\006\052\000\040\006\110\000\040\006\047\006\071\006\052\006\050\006\047\006\061\006\063\006\106\006\054\006\314}{}% 50
\BOOKMARK [2][-]{subsection.8.1}{\376\377\006\052\006\063\006\052\000\040\006\057\006\063\006\052\006\314}{section.8}% 51
\BOOKMARK [2][-]{subsection.8.2}{\376\377\006\052\006\063\006\052\000\040\000C\000G\000I}{section.8}% 52
\BOOKMARK [2][-]{subsection.8.3}{\376\377\006\105\006\055\006\057\006\110\006\057\006\314\006\052\040\014\006\107\006\047\006\314\000\040\006\052\006\063\006\052}{section.8}% 53
\BOOKMARK [1][-]{section.9}{\376\377\006\251\006\047\006\061\006\107\006\047\006\314\000\040\006\042\006\314\006\106\006\057\006\107}{}% 54
\BOOKMARK [2][-]{subsection.9.1}{\376\377\006\050\006\107\006\050\006\110\006\057\006\107\006\047\006\314\000\040\006\101\006\106\006\314}{section.9}% 55
\BOOKMARK [3][-]{subsubsection.9.1.1}{\376\377\006\047\006\106\006\052\006\102\006\047\006\104\000\040\006\050\006\107\000\040\006\176\006\047\006\314\006\257\006\047\006\107\000\040\006\057\006\047\006\057\006\107}{subsection.9.1}% 56
\BOOKMARK [3][-]{subsubsection.9.1.2}{\376\377\006\047\006\063\006\052\006\101\006\047\006\057\006\107\000\040\006\047\006\062\000\040\000W\000e\000b\000S\000o\000c\000k\000e\000t}{subsection.9.1}% 57
\BOOKMARK [3][-]{subsubsection.9.1.3}{\376\377\006\047\006\105\006\106\006\314\006\052}{subsection.9.1}% 58
\BOOKMARK [2][-]{subsection.9.2}{\376\377\006\101\006\314\006\206\006\061\006\107\006\047\006\314\000\040\006\054\006\057\006\314\006\057}{section.9}% 59
\BOOKMARK [3][-]{subsubsection.9.2.1}{\376\377\006\050\006\047\006\062\006\314\040\014\006\107\006\047\006\314\000\040\006\054\006\057\006\314\006\057}{subsection.9.2}% 60
\BOOKMARK [3][-]{subsubsection.9.2.2}{\376\377\000L\000e\000a\000d\000e\000r\000b\000o\000a\000r\000d}{subsection.9.2}% 61
\BOOKMARK [3][-]{subsubsection.9.2.3}{\376\377\006\063\006\314\006\063\006\052\006\105\000\040\006\057\006\063\006\052\006\047\006\110\006\061\006\057\006\107\006\047\000\040\000\050\000A\000c\000h\000i\000e\000v\000e\000m\000e\000n\000t\000s\000\051}{subsection.9.2}% 62
\BOOKMARK [2][-]{subsection.9.3}{\376\377\006\050\006\107\006\050\006\110\006\057\006\107\006\047\006\314\000\040\000U\000I\000/\000U\000X}{section.9}% 63
\BOOKMARK [1][-]{section.10}{\376\377\006\106\006\052\006\314\006\054\006\107\040\014\006\257\006\314\006\061\006\314}{}% 64
\BOOKMARK [2][-]{subsection.10.1}{\376\377\006\057\006\063\006\052\006\047\006\110\006\061\006\057\006\107\006\047}{section.10}% 65
\BOOKMARK [2][-]{subsection.10.2}{\376\377\006\057\006\061\006\063\040\014\006\107\006\047\006\314\000\040\006\042\006\105\006\110\006\056\006\052\006\107\000\040\006\064\006\057\006\107}{section.10}% 66
\BOOKMARK [3][-]{subsubsection.10.2.1}{\376\377\006\105\006\071\006\105\006\047\006\061\006\314\000\040\000C\000G\000I}{subsection.10.2}% 67
\BOOKMARK [3][-]{subsubsection.10.2.2}{\376\377\000S\000t\000a\000t\000e\000\040\000M\000a\000n\000a\000g\000e\000m\000e\000n\000t}{subsection.10.2}% 68
\BOOKMARK [3][-]{subsubsection.10.2.3}{\376\377\006\047\006\105\006\106\006\314\006\052}{subsection.10.2}% 69
\BOOKMARK [2][-]{subsection.10.3}{\376\377\006\251\006\047\006\061\006\050\006\061\006\057\006\107\006\047\006\314\000\040\006\042\006\105\006\110\006\062\006\064\006\314}{section.10}% 70
\BOOKMARK [2][-]{subsection.10.4}{\376\377\006\054\006\105\006\071\040\014\006\050\006\106\006\057\006\314\000\040\006\106\006\107\006\047\006\314\006\314}{section.10}% 71
\BOOKMARK [1][-]{appendix.Alph1}{\376\377\006\106\006\065\006\050\000\040\006\110\000\040\006\061\006\047\006\107\040\014\006\047\006\106\006\057\006\047\006\062\006\314}{}% 72
\BOOKMARK [2][-]{subsection.Alph1.1}{\376\377\006\176\006\314\006\064\040\014\006\106\006\314\006\047\006\062\006\107\006\047}{appendix.Alph1}% 73
\BOOKMARK [2][-]{subsection.Alph1.2}{\376\377\006\251\006\047\006\105\006\176\006\047\006\314\006\104}{appendix.Alph1}% 74
\BOOKMARK [2][-]{subsection.Alph1.3}{\376\377\006\047\006\054\006\061\006\047}{appendix.Alph1}% 75
